// Jest Snapshot v1, https://goo.gl/fbAQLP

exports[`BookActionButton renders correctly 1`] = `
<button
  className="btn btn-info"
  onClick={[Function]}
>
  Borrow book
</button>
`;
